<!DOCTYPE html>
<html lang="en">
<head>
	<meta charset="UTF-8">
	<title>Верстка</title>
	<link rel="stylesheet" href="style.css">
</head>
<body>
	<div id="wrapper">
		<div id="header">
			<div class="container blockquote">
				<div class="logo">
					<a href=""><img src="image/Logo-Treehouse.png" alt="logo"></a>
				</div>
				<ul class="nav">
					<li><a href="#">Home</a></li>
					<li><a href="#">Services</a></li>
					<li><a href="#">Portfolio</a></li>
					<li><a href="#">About</a></li> 
					<li><a href="#">Contact</a></li>
				</ul>
			</div>
		</div>
		<div id="home">
			<div class="container"></div>
				<h3>Welcome To Our Studio!</h3>
				<h1>It’s nice to Meet you</h1>
				<button class="btn">Tell Me More</button>
		</div>
		<div id="servises" class="box">
			<div class="container">
				<h2 class="title">Services</h2>
					<p class="desc">Proin iaculis purus consequat sem cure. 
					</p>
					<div class="services-wrap blockquote">
						<div class="services-ecommers basket">
							<h5 class="title">E-Commerce</h5>
							<p>Proin iaculis purus consequat sem cure digni ssim. Donec porttitora entum suscipitaenean rhoncus posuere odio in tincidunt.</p>
						</div>
						<div class="services-ecommers laptop">
							<h5 class="title">Responsive Web</h5>
							<p>Proin iaculis purus consequat sem cure digni ssim. Donec porttitora entum suscipitaenean rhoncus posuere odio in tincidunt.</p>
						</div>
						<div class="services-ecommers lock">
							<h5 class="title">Web Security</h5>
							<p>Proin iaculis purus consequat sem cure digni ssim. Donec porttitora entum suscipitaenean rhoncus posuere odio in tincidunt.</p>
						</div>
					</div>
			</div>
		</div>
		<div id="portfolio" class="box">
			<div class="container">
				<h2 class="title">Our portfolio</h2>
					<p class="desc">Proin iaculis purus consequat sem cure.</p>
					<div class="portfolio-wrap blockquote">
						<div class="portfolio-item">
							<a href=""><img src="image/Image.jpg" alt=""></a>
							<div class="p-item-footer">
								<h5 class="title up">Ebony & Ivory</h5>
								<span>Branding</span>
							</div>
						</div>
						<div class="portfolio-item">
							<a href=""><img src="image/Image2.jpg" alt=""></a>
							<div class="p-item-footer">
								<h5 class="title up">Smart Stationary</h5>
								<span>Print Design</span>
							</div>
						</div>
						<div class="portfolio-item">
							<a href=""><img src="image/Image3.jpg" alt=""></a>
							<div class="p-item-footer">
								<h5 class="title up">Clever Poster</h5>
								<span>Print Design</span>
							</div>
						</div>
						<div class="portfolio-wrap blockquote">
						<div class="portfolio-item">
							<a href=""><img src="image/Image4.jpg" alt=""></a>
							<div class="p-item-footer">
								<h5 class="title up">Ebony & Ivory</h5>
								<span>Branding</span>
							</div>
						</div>
						<div class="portfolio-item">
							<a href=""><img src="image/Image5.jpg" alt=""></a>
							<div class="p-item-footer">
								<h5 class="title up">Smart Stationary</h5>
								<span>Print Design</span>
							</div>
						</div>
						<div class="portfolio-item">
							<a href=""><img src="image/Image6.jpg" alt=""></a>
							<div class="p-item-footer">
								<h5 class="title up">Clever Poster</h5>
								<span>Print Design</span>
							</div>
						</div>
					</div>
				</div>
			</div>
		</div>
		<div id="about" name="about" class="box">
			<div class="container">
				<h2 class="title">About Us</h2>
					<p class="desc">Proin iaculis purus consequat sem cure.</p>
				<div class="about-wrap">
					<div class="about-item clearfix">
						<div class="about-text">
							<h5 class="title">JULY 2010<br/> Our Humble Beginnings</h5>
							<p class="q">
							Proin iaculis purus consequat sem cure 
							digni ssim. Donec porttitora entum suscipit 
							aenean rhoncus posuere odio in tincidunt. Proin 
							iaculis purus consequat sem cure digni 
							ssim. Donec porttitora entum suscipit.</p>
						</div>
						<div class="about-img">
							<img src="image/Image.png" alt="">
						</div>	
					</div>
					<div class="about-item1 clearfix">
						<div class="about-text1">
							<h5 class="title1">JANUARY 2011 <br/>Facing Startup Battles</h5>
							<p class="qq">
							Proin iaculis purus consequat sem cure 
							digni ssim. Donec porttitora entum suscipit 
							aenean rhoncus posuere odio in tincidunt. Proin 
							iaculis purus consequat sem cure digni 
							ssim. Donec porttitora entum suscipit.</p>
						</div>
						<div class="about-img1">
							<img src="image/Image1.png" alt="">
						</div>	
					</div>
					<div class="about-item2 clearfix">
						<div class="about-text">
							<h5 class="title">DECEMBER 2012<br/>Enter The Dark Days</h5>
							<p class="q">
							Proin iaculis purus consequat sem cure 
							digni ssim. Donec porttitora entum suscipit 
							aenean rhoncus posuere odio in tincidunt. Proin 
							iaculis purus consequat sem cure digni 
							ssim. Donec porttitora entum suscipit.</p>
						</div>
						<div class="about-img">
							<img src="image/Image3.png" alt="">
						</div>	
					</div>
					<div class="about-item1 clearfix">
						<div class="about-text1">
							<h5 class="title1">FEBRUARY 2014<br/> Our Triumph</h5>
							<p class="qq">
							Proin iaculis purus consequat sem cure 
							digni ssim. Donec porttitora entum suscipit 
							aenean rhoncus posuere odio in tincidunt. Proin 
							iaculis purus consequat sem cure digni 
							ssim. Donec porttitora entum suscipit.</p>
						</div>
						<div class="about-img1">
							<img src="image/Image4.png" alt="">
						</div>	
					</div>
					<div class="about-item3 clearfix">
						<div class="about-container">
							<img src="image/Container.png" alt="">
						</div>
						<div class="about-container1">
							<h5 class="title-container">
								<a href="#" class="about-link">Our</a><br/> <a href="#" class="about-link">Story</a><br/> <a href="#" class="about-link">Continues</a><br/><a href="#" class="about-link">...</a>
							</h5>
						</div>	
					</div>
				</div>
			</div>
		</div>
		<div id="team" class="box">
			<div class="container">
				<h2 class="title">our amazing team</h2>
					<p class="desc">Proin iaculis purus consequat sem cure.</p>
					<div class="team-wrap cleafix">
						<div class="team-item">
							<img src="image/Container1.png">
							<h5 class="title2">Kimberly Thompson</h5>
							<p class="cat">Marketer</p>
							<div class="social">
								<a href="#" class="ic-twit"></a>
								<a href="#" class="ic-fb"></a>
								<a href="#" class="ic-pn"></a>
							</div>
						</div>
					</div>
					<div class="team-wrap cleafix">
						<div class="team-item clearfix">
							<img src="image/Container1.png">
							<h5 class="title2">Rico Massimo</h5>
							<p class="cat">Coder</p>
							<div class="social">
								<a href="#" class="ic-twit"></a>
								<a href="#" class="ic-fb"></a>
								<a href="#" class="ic-gl"></a>
							</div>
						</div>
					</div>
					<div class="team-wrap cleafix">
						<div class="team-item clearfix">
							<img src="image/Container1.png">
							<h5 class="title2">Uku Mason</h5>
							<p class="cat">Graphic Designer</p>
							<div class="social">
								<a href="#" class="ic-fb"></a>
								<a href="#" class="ic-pn"></a>
							</div>
						</div>
					</div>
			<div class="team-info clearfix">
				<div class="container">
				<p class="desc iqq">Proin iaculis purus consequat sem cure  digni ssim donec porttitora entum suscipit <br/>  
					aenean rhoncus posuere odio in tincidunt proin culis.</p>
				</div>
			</div>
			</div>
		</div>
			<div class="brands">
				<div class="container">
					<a href="#"><img src="image/Envato.jpg" alt=""></a>
					<a href="#"><img src="image/WordPress.jpg" alt=""></a>
					<a href="#"><img src="image/Tuts+.jpg" alt=""></a>
					<a href="#"><img src="image/Microlancer copy.jpg" alt=""></a>
				</div>
			</div>
			<div id="contact" name="contact" class="box">
				<div class="container">
				<h2 class="title">contact us</h2>
					<p class="desc">Proin iaculis purus consequat sem cure.</p>
					<form action="#" id="messege">
						<div class="clearfix">
							<div class="left">
								<input type="text" placeholder="your Name *">
								<input type="text" placeholder="your e-mail *">
								<input type="text" placeholder="subject">
							</div>
							<div class="right">
								<textarea cols="0" rows="0" placeholder="Your message *">
								</textarea>
							</div>
						</div>
						<input type="submit" value="Send Message" class="btn">
					</form>
				</div>
			</div>
			<div id="copyright">
				<div class="container">
					<p class="copy">&copy; Copyright 2014 FreebiesXpress.com</p>
					<div class="social">
						<a href="#" class="ic-twit www"></a>
						<a href="#" class="ic-fb www "></a>
						<a href="#" class="ic-gl www"></a>
						<a href="#" class="ic-pn www"></a>
					</div>
				</div>
			</div>		
	</div>
</body>
</html>